---
http_interactions:
- request:
    method: post
    uri: https://login.salesforce.com/services/oauth2/token
    body:
      encoding: US-ASCII
      string: grant_type=password&client_id={SALESFORCE_OAUTH_CONSUMER_KEY}&client_secret={SALESFORCE_OAUTH_CONSUMER_SECRET}&username=%7BSALESFORCE_USERNAME%7D&password=%7BSALESFORCE_PASSWORD%7D{SALESFORCE_SECURITY_TOKEN}
    headers:
      User-Agent:
      - Faraday v0.12.1
      Content-Type:
      - application/x-www-form-urlencoded
      Accept-Encoding:
      - gzip;q=1.0,deflate;q=0.6,identity;q=0.3
      Accept:
      - "*/*"
  response:
    status:
      code: 200
      message: OK
    headers:
      Date:
      - Tue, 02 May 2017 20:45:27 GMT
      Strict-Transport-Security:
      - max-age=31536000; includeSubDomains
      X-Content-Type-Options:
      - nosniff
      X-Xss-Protection:
      - 1; mode=block
      Content-Security-Policy:
      - referrer origin-when-cross-origin
      - reflected-xss block;report-uri /_/ContentDomainCSPNoAuth?type=xss
      Set-Cookie:
      - BrowserId=VK8SPQX6TYmmX8Ftd6bH5g;Path=/;Domain=.salesforce.com;Expires=Sat,
        01-Jul-2017 20:45:27 GMT
      Expires:
      - Thu, 01 Jan 1970 00:00:00 GMT
      Pragma:
      - no-cache
      Cache-Control:
      - no-cache, no-store
      X-Readonlymode:
      - 'false'
      Content-Type:
      - application/json;charset=UTF-8
      Vary:
      - Accept-Encoding
      Transfer-Encoding:
      - chunked
    body:
      encoding: ASCII-8BIT
      string: '{"access_token":"{ACCESS_TOKEN}","instance_url":"https://instance.salesforce.com","id":"{ID_URL}","token_type":"Bearer","issued_at":"1493757928454","signature":"{SIGNATURE}"}'
    http_version: 
  recorded_at: Tue, 02 May 2017 20:45:28 GMT
- request:
    method: post
    uri: https://instance.salesforce.com/services/async/39.0/job
    body:
      encoding: UTF-8
      string: '{"operation":"update","object":"Account","contentType":"JSON"}'
    headers:
      User-Agent:
      - Faraday v0.12.1
      Content-Type:
      - application/json
      X-Sfdc-Session:
      - "{SESSION_ID}"
      Authorization:
      - "{AUTHORIZATION}"
      Accept-Encoding:
      - gzip;q=1.0,deflate;q=0.6,identity;q=0.3
      Accept:
      - "*/*"
  response:
    status:
      code: 201
      message: Created
    headers:
      Date:
      - Tue, 02 May 2017 20:45:28 GMT
      Content-Security-Policy-Report-Only:
      - 'default-src https:; script-src https: ''unsafe-inline'' ''unsafe-eval'';
        style-src https: ''unsafe-inline''; img-src https: data:; frame-ancestors
        ''self'' *.salesforce.com *.force.com; font-src https: data:; connect-src
        ''self'' https:; report-uri /_/ContentDomainCSPNoAuth?type=login; base-uri
        http://instance.salesforce.com/services/async/39.0/job'
      X-Content-Type-Options:
      - nosniff
      X-Xss-Protection:
      - 1; mode=block
      Content-Security-Policy:
      - referrer origin-when-cross-origin
      - reflected-xss block;report-uri /_/ContentDomainCSPNoAuth?type=xss
      Set-Cookie:
      - BrowserId=W52pRLUMS7KhIsP-wfzEeg;Path=/;Domain=.salesforce.com;Expires=Sat,
        01-Jul-2017 20:45:28 GMT
      Expires:
      - Thu, 01 Jan 1970 00:00:00 GMT
      Location:
      - "/services/async/39.0/job/7503600000BfwBhAAJ"
      Content-Type:
      - application/json
      Transfer-Encoding:
      - chunked
    body:
      encoding: ASCII-8BIT
      string: '{"apexProcessingTime":0,"apiActiveProcessingTime":0,"apiVersion":39.0,"assignmentRuleId":null,"concurrencyMode":"Parallel","contentType":"JSON","createdById":"00536000001qtbXAAQ","createdDate":"2017-05-02T20:45:28.000+0000","externalIdFieldName":null,"fastPathEnabled":false,"id":"7503600000BfwBhAAJ","numberBatchesCompleted":0,"numberBatchesFailed":0,"numberBatchesInProgress":0,"numberBatchesQueued":0,"numberBatchesTotal":0,"numberRecordsFailed":0,"numberRecordsProcessed":0,"numberRetries":0,"object":"Account","operation":"update","state":"Open","systemModstamp":"2017-05-02T20:45:28.000+0000","totalProcessingTime":0}'
    http_version: 
  recorded_at: Tue, 02 May 2017 20:45:29 GMT
- request:
    method: post
    uri: https://login.salesforce.com/services/oauth2/token
    body:
      encoding: US-ASCII
      string: grant_type=password&client_id={SALESFORCE_OAUTH_CONSUMER_KEY}&client_secret={SALESFORCE_OAUTH_CONSUMER_SECRET}&username=%7BSALESFORCE_USERNAME%7D&password=%7BSALESFORCE_PASSWORD%7D{SALESFORCE_SECURITY_TOKEN}
    headers:
      User-Agent:
      - Faraday v0.12.1
      Content-Type:
      - application/x-www-form-urlencoded
      Accept-Encoding:
      - gzip;q=1.0,deflate;q=0.6,identity;q=0.3
      Accept:
      - "*/*"
  response:
    status:
      code: 200
      message: OK
    headers:
      Date:
      - Tue, 02 May 2017 20:45:29 GMT
      Strict-Transport-Security:
      - max-age=31536000; includeSubDomains
      X-Content-Type-Options:
      - nosniff
      X-Xss-Protection:
      - 1; mode=block
      Content-Security-Policy:
      - referrer origin-when-cross-origin
      - reflected-xss block;report-uri /_/ContentDomainCSPNoAuth?type=xss
      Set-Cookie:
      - BrowserId=45HQq8uGTTqU1YkRcInrWw;Path=/;Domain=.salesforce.com;Expires=Sat,
        01-Jul-2017 20:45:29 GMT
      Expires:
      - Thu, 01 Jan 1970 00:00:00 GMT
      Pragma:
      - no-cache
      Cache-Control:
      - no-cache, no-store
      X-Readonlymode:
      - 'false'
      Content-Type:
      - application/json;charset=UTF-8
      Vary:
      - Accept-Encoding
      Transfer-Encoding:
      - chunked
    body:
      encoding: ASCII-8BIT
      string: '{"access_token":"{ACCESS_TOKEN}","instance_url":"https://instance.salesforce.com","id":"{ID_URL}","token_type":"Bearer","issued_at":"1493757929768","signature":"{SIGNATURE}"}'
    http_version: 
  recorded_at: Tue, 02 May 2017 20:45:29 GMT
- request:
    method: post
    uri: https://instance.salesforce.com/services/async/39.0/job/7503600000BfwBhAAJ/batch
    body:
      encoding: UTF-8
      string: '[{"Id":"00136000014tyLaAAI","Name":"Test Updated Account"}]'
    headers:
      User-Agent:
      - Faraday v0.12.1
      Content-Type:
      - application/json
      X-Sfdc-Session:
      - "{SESSION_ID}"
      Authorization:
      - "{AUTHORIZATION}"
      Accept-Encoding:
      - gzip;q=1.0,deflate;q=0.6,identity;q=0.3
      Accept:
      - "*/*"
  response:
    status:
      code: 201
      message: Created
    headers:
      Date:
      - Tue, 02 May 2017 20:45:30 GMT
      X-Content-Type-Options:
      - nosniff
      X-Xss-Protection:
      - 1; mode=block
      Content-Security-Policy:
      - referrer origin-when-cross-origin
      - reflected-xss block;report-uri /_/ContentDomainCSPNoAuth?type=xss
      Set-Cookie:
      - BrowserId=D156gzpJTgOtP-ib5zFvyg;Path=/;Domain=.salesforce.com;Expires=Sat,
        01-Jul-2017 20:45:30 GMT
      Expires:
      - Thu, 01 Jan 1970 00:00:00 GMT
      Location:
      - "/services/async/39.0/job/7503600000BfwBhAAJ/batch/7513600000CF5oxAAD"
      Content-Type:
      - application/json
      Transfer-Encoding:
      - chunked
    body:
      encoding: ASCII-8BIT
      string: '{"apexProcessingTime":0,"apiActiveProcessingTime":0,"createdDate":"2017-05-02T20:45:30.000+0000","id":"7513600000CF5oxAAD","jobId":"7503600000BfwBhAAJ","numberRecordsFailed":0,"numberRecordsProcessed":0,"state":"Queued","stateMessage":null,"systemModstamp":"2017-05-02T20:45:30.000+0000","totalProcessingTime":0}'
    http_version: 
  recorded_at: Tue, 02 May 2017 20:45:30 GMT
- request:
    method: post
    uri: https://login.salesforce.com/services/oauth2/token
    body:
      encoding: US-ASCII
      string: grant_type=password&client_id={SALESFORCE_OAUTH_CONSUMER_KEY}&client_secret={SALESFORCE_OAUTH_CONSUMER_SECRET}&username=%7BSALESFORCE_USERNAME%7D&password=%7BSALESFORCE_PASSWORD%7D{SALESFORCE_SECURITY_TOKEN}
    headers:
      User-Agent:
      - Faraday v0.12.1
      Content-Type:
      - application/x-www-form-urlencoded
      Accept-Encoding:
      - gzip;q=1.0,deflate;q=0.6,identity;q=0.3
      Accept:
      - "*/*"
  response:
    status:
      code: 200
      message: OK
    headers:
      Date:
      - Tue, 02 May 2017 20:45:30 GMT
      Strict-Transport-Security:
      - max-age=31536000; includeSubDomains
      X-Content-Type-Options:
      - nosniff
      X-Xss-Protection:
      - 1; mode=block
      Content-Security-Policy:
      - referrer origin-when-cross-origin
      - reflected-xss block;report-uri /_/ContentDomainCSPNoAuth?type=xss
      Set-Cookie:
      - BrowserId=Bs4G2xOdRM6Og720yy2N9g;Path=/;Domain=.salesforce.com;Expires=Sat,
        01-Jul-2017 20:45:30 GMT
      Expires:
      - Thu, 01 Jan 1970 00:00:00 GMT
      Pragma:
      - no-cache
      Cache-Control:
      - no-cache, no-store
      X-Readonlymode:
      - 'false'
      Content-Type:
      - application/json;charset=UTF-8
      Vary:
      - Accept-Encoding
      Transfer-Encoding:
      - chunked
    body:
      encoding: ASCII-8BIT
      string: '{"access_token":"{ACCESS_TOKEN}","instance_url":"https://instance.salesforce.com","id":"{ID_URL}","token_type":"Bearer","issued_at":"1493757930673","signature":"{SIGNATURE}"}'
    http_version: 
  recorded_at: Tue, 02 May 2017 20:45:30 GMT
- request:
    method: post
    uri: https://instance.salesforce.com/services/async/39.0/job/7503600000BfwBhAAJ
    body:
      encoding: UTF-8
      string: '{"state":"Closed"}'
    headers:
      User-Agent:
      - Faraday v0.12.1
      Content-Type:
      - application/json
      X-Sfdc-Session:
      - "{SESSION_ID}"
      Authorization:
      - "{AUTHORIZATION}"
      Accept-Encoding:
      - gzip;q=1.0,deflate;q=0.6,identity;q=0.3
      Accept:
      - "*/*"
  response:
    status:
      code: 200
      message: OK
    headers:
      Date:
      - Tue, 02 May 2017 20:45:30 GMT
      X-Content-Type-Options:
      - nosniff
      X-Xss-Protection:
      - 1; mode=block
      Content-Security-Policy:
      - referrer origin-when-cross-origin
      - reflected-xss block;report-uri /_/ContentDomainCSPNoAuth?type=xss
      Set-Cookie:
      - BrowserId=SmXF49lMTRiQFM80oYKmcg;Path=/;Domain=.salesforce.com;Expires=Sat,
        01-Jul-2017 20:45:30 GMT
      Expires:
      - Thu, 01 Jan 1970 00:00:00 GMT
      Content-Type:
      - application/json
      Transfer-Encoding:
      - chunked
    body:
      encoding: ASCII-8BIT
      string: '{"apexProcessingTime":0,"apiActiveProcessingTime":0,"apiVersion":39.0,"assignmentRuleId":null,"concurrencyMode":"Parallel","contentType":"JSON","createdById":"00536000001qtbXAAQ","createdDate":"2017-05-02T20:45:28.000+0000","externalIdFieldName":null,"fastPathEnabled":false,"id":"7503600000BfwBhAAJ","numberBatchesCompleted":0,"numberBatchesFailed":0,"numberBatchesInProgress":0,"numberBatchesQueued":1,"numberBatchesTotal":1,"numberRecordsFailed":0,"numberRecordsProcessed":0,"numberRetries":0,"object":"Account","operation":"update","state":"Closed","systemModstamp":"2017-05-02T20:45:28.000+0000","totalProcessingTime":0}'
    http_version: 
  recorded_at: Tue, 02 May 2017 20:45:31 GMT
- request:
    method: post
    uri: https://login.salesforce.com/services/oauth2/token
    body:
      encoding: US-ASCII
      string: grant_type=password&client_id={SALESFORCE_OAUTH_CONSUMER_KEY}&client_secret={SALESFORCE_OAUTH_CONSUMER_SECRET}&username=%7BSALESFORCE_USERNAME%7D&password=%7BSALESFORCE_PASSWORD%7D{SALESFORCE_SECURITY_TOKEN}
    headers:
      User-Agent:
      - Faraday v0.12.1
      Content-Type:
      - application/x-www-form-urlencoded
      Accept-Encoding:
      - gzip;q=1.0,deflate;q=0.6,identity;q=0.3
      Accept:
      - "*/*"
  response:
    status:
      code: 200
      message: OK
    headers:
      Date:
      - Tue, 02 May 2017 20:45:31 GMT
      Strict-Transport-Security:
      - max-age=31536000; includeSubDomains
      X-Content-Type-Options:
      - nosniff
      X-Xss-Protection:
      - 1; mode=block
      Content-Security-Policy:
      - referrer origin-when-cross-origin
      - reflected-xss block;report-uri /_/ContentDomainCSPNoAuth?type=xss
      Set-Cookie:
      - BrowserId=3ZpyFjkhQxKLW6I6Oqjj3A;Path=/;Domain=.salesforce.com;Expires=Sat,
        01-Jul-2017 20:45:31 GMT
      Expires:
      - Thu, 01 Jan 1970 00:00:00 GMT
      Pragma:
      - no-cache
      Cache-Control:
      - no-cache, no-store
      X-Readonlymode:
      - 'false'
      Content-Type:
      - application/json;charset=UTF-8
      Vary:
      - Accept-Encoding
      Transfer-Encoding:
      - chunked
    body:
      encoding: ASCII-8BIT
      string: '{"access_token":"{ACCESS_TOKEN}","instance_url":"https://instance.salesforce.com","id":"{ID_URL}","token_type":"Bearer","issued_at":"1493757931850","signature":"{SIGNATURE}"}'
    http_version: 
  recorded_at: Tue, 02 May 2017 20:45:31 GMT
- request:
    method: get
    uri: https://instance.salesforce.com/services/async/39.0/job/7503600000BfwBhAAJ
    body:
      encoding: US-ASCII
      string: ''
    headers:
      User-Agent:
      - Faraday v0.12.1
      Content-Type:
      - application/json
      X-Sfdc-Session:
      - "{SESSION_ID}"
      Authorization:
      - "{AUTHORIZATION}"
      Accept-Encoding:
      - gzip;q=1.0,deflate;q=0.6,identity;q=0.3
      Accept:
      - "*/*"
  response:
    status:
      code: 200
      message: OK
    headers:
      Date:
      - Tue, 02 May 2017 20:45:32 GMT
      X-Content-Type-Options:
      - nosniff
      X-Xss-Protection:
      - 1; mode=block
      Content-Security-Policy:
      - referrer origin-when-cross-origin
      - reflected-xss block;report-uri /_/ContentDomainCSPNoAuth?type=xss
      Set-Cookie:
      - BrowserId=lx-MY3HqQHOt_y-miQMYFg;Path=/;Domain=.salesforce.com;Expires=Sat,
        01-Jul-2017 20:45:32 GMT
      Expires:
      - Thu, 01 Jan 1970 00:00:00 GMT
      Content-Type:
      - application/json
      Transfer-Encoding:
      - chunked
    body:
      encoding: ASCII-8BIT
      string: '{"apexProcessingTime":0,"apiActiveProcessingTime":60,"apiVersion":39.0,"assignmentRuleId":null,"concurrencyMode":"Parallel","contentType":"JSON","createdById":"00536000001qtbXAAQ","createdDate":"2017-05-02T20:45:28.000+0000","externalIdFieldName":null,"fastPathEnabled":false,"id":"7503600000BfwBhAAJ","numberBatchesCompleted":1,"numberBatchesFailed":0,"numberBatchesInProgress":0,"numberBatchesQueued":0,"numberBatchesTotal":1,"numberRecordsFailed":0,"numberRecordsProcessed":1,"numberRetries":0,"object":"Account","operation":"update","state":"Closed","systemModstamp":"2017-05-02T20:45:30.000+0000","totalProcessingTime":171}'
    http_version: 
  recorded_at: Tue, 02 May 2017 20:45:34 GMT
- request:
    method: post
    uri: https://login.salesforce.com/services/oauth2/token
    body:
      encoding: US-ASCII
      string: grant_type=password&client_id={SALESFORCE_OAUTH_CONSUMER_KEY}&client_secret={SALESFORCE_OAUTH_CONSUMER_SECRET}&username=%7BSALESFORCE_USERNAME%7D&password=%7BSALESFORCE_PASSWORD%7D{SALESFORCE_SECURITY_TOKEN}
    headers:
      User-Agent:
      - Faraday v0.12.1
      Content-Type:
      - application/x-www-form-urlencoded
      Accept-Encoding:
      - gzip;q=1.0,deflate;q=0.6,identity;q=0.3
      Accept:
      - "*/*"
  response:
    status:
      code: 200
      message: OK
    headers:
      Date:
      - Tue, 02 May 2017 20:45:34 GMT
      Strict-Transport-Security:
      - max-age=31536000; includeSubDomains
      X-Content-Type-Options:
      - nosniff
      X-Xss-Protection:
      - 1; mode=block
      Content-Security-Policy:
      - referrer origin-when-cross-origin
      - reflected-xss block;report-uri /_/ContentDomainCSPNoAuth?type=xss
      Set-Cookie:
      - BrowserId=KYzpV7ErTFm1P6QlgHNtSQ;Path=/;Domain=.salesforce.com;Expires=Sat,
        01-Jul-2017 20:45:34 GMT
      Expires:
      - Thu, 01 Jan 1970 00:00:00 GMT
      Pragma:
      - no-cache
      Cache-Control:
      - no-cache, no-store
      X-Readonlymode:
      - 'false'
      Content-Type:
      - application/json;charset=UTF-8
      Vary:
      - Accept-Encoding
      Transfer-Encoding:
      - chunked
    body:
      encoding: ASCII-8BIT
      string: '{"access_token":"{ACCESS_TOKEN}","instance_url":"https://instance.salesforce.com","id":"{ID_URL}","token_type":"Bearer","issued_at":"1493757934860","signature":"{SIGNATURE}"}'
    http_version: 
  recorded_at: Tue, 02 May 2017 20:45:34 GMT
- request:
    method: get
    uri: https://instance.salesforce.com/services/async/39.0/job/7503600000BfwBhAAJ/batch/7513600000CF5oxAAD
    body:
      encoding: US-ASCII
      string: ''
    headers:
      User-Agent:
      - Faraday v0.12.1
      Content-Type:
      - application/json
      X-Sfdc-Session:
      - "{SESSION_ID}"
      Authorization:
      - "{AUTHORIZATION}"
      Accept-Encoding:
      - gzip;q=1.0,deflate;q=0.6,identity;q=0.3
      Accept:
      - "*/*"
  response:
    status:
      code: 200
      message: OK
    headers:
      Date:
      - Tue, 02 May 2017 20:45:35 GMT
      X-Content-Type-Options:
      - nosniff
      X-Xss-Protection:
      - 1; mode=block
      Content-Security-Policy:
      - referrer origin-when-cross-origin
      - reflected-xss block;report-uri /_/ContentDomainCSPNoAuth?type=xss
      Set-Cookie:
      - BrowserId=ntr8qd65QBmsqGWxwqtKxA;Path=/;Domain=.salesforce.com;Expires=Sat,
        01-Jul-2017 20:45:35 GMT
      Expires:
      - Thu, 01 Jan 1970 00:00:00 GMT
      Content-Type:
      - application/json
      Transfer-Encoding:
      - chunked
    body:
      encoding: ASCII-8BIT
      string: '{"apexProcessingTime":0,"apiActiveProcessingTime":60,"createdDate":"2017-05-02T20:45:30.000+0000","id":"7513600000CF5oxAAD","jobId":"7503600000BfwBhAAJ","numberRecordsFailed":0,"numberRecordsProcessed":1,"state":"Completed","stateMessage":null,"systemModstamp":"2017-05-02T20:45:32.000+0000","totalProcessingTime":171}'
    http_version: 
  recorded_at: Tue, 02 May 2017 20:45:35 GMT
- request:
    method: post
    uri: https://login.salesforce.com/services/oauth2/token
    body:
      encoding: US-ASCII
      string: grant_type=password&client_id={SALESFORCE_OAUTH_CONSUMER_KEY}&client_secret={SALESFORCE_OAUTH_CONSUMER_SECRET}&username=%7BSALESFORCE_USERNAME%7D&password=%7BSALESFORCE_PASSWORD%7D{SALESFORCE_SECURITY_TOKEN}
    headers:
      User-Agent:
      - Faraday v0.12.1
      Content-Type:
      - application/x-www-form-urlencoded
      Accept-Encoding:
      - gzip;q=1.0,deflate;q=0.6,identity;q=0.3
      Accept:
      - "*/*"
  response:
    status:
      code: 200
      message: OK
    headers:
      Date:
      - Tue, 02 May 2017 20:45:35 GMT
      Strict-Transport-Security:
      - max-age=31536000; includeSubDomains
      X-Content-Type-Options:
      - nosniff
      X-Xss-Protection:
      - 1; mode=block
      Content-Security-Policy:
      - referrer origin-when-cross-origin
      - reflected-xss block;report-uri /_/ContentDomainCSPNoAuth?type=xss
      Set-Cookie:
      - BrowserId=bI13TiBtTZCCxRSzbn4PSQ;Path=/;Domain=.salesforce.com;Expires=Sat,
        01-Jul-2017 20:45:35 GMT
      Expires:
      - Thu, 01 Jan 1970 00:00:00 GMT
      Pragma:
      - no-cache
      Cache-Control:
      - no-cache, no-store
      X-Readonlymode:
      - 'false'
      Content-Type:
      - application/json;charset=UTF-8
      Vary:
      - Accept-Encoding
      Transfer-Encoding:
      - chunked
    body:
      encoding: ASCII-8BIT
      string: '{"access_token":"{ACCESS_TOKEN}","instance_url":"https://instance.salesforce.com","id":"{ID_URL}","token_type":"Bearer","issued_at":"1493757935797","signature":"{SIGNATURE}"}'
    http_version: 
  recorded_at: Tue, 02 May 2017 20:45:35 GMT
- request:
    method: get
    uri: https://instance.salesforce.com/services/async/39.0/job/7503600000BfwBhAAJ
    body:
      encoding: US-ASCII
      string: ''
    headers:
      User-Agent:
      - Faraday v0.12.1
      Content-Type:
      - application/json
      X-Sfdc-Session:
      - "{SESSION_ID}"
      Authorization:
      - "{AUTHORIZATION}"
      Accept-Encoding:
      - gzip;q=1.0,deflate;q=0.6,identity;q=0.3
      Accept:
      - "*/*"
  response:
    status:
      code: 200
      message: OK
    headers:
      Date:
      - Tue, 02 May 2017 20:45:36 GMT
      X-Content-Type-Options:
      - nosniff
      X-Xss-Protection:
      - 1; mode=block
      Content-Security-Policy:
      - referrer origin-when-cross-origin
      - reflected-xss block;report-uri /_/ContentDomainCSPNoAuth?type=xss
      Set-Cookie:
      - BrowserId=NyCHR5UuRZKRAPNND6-wrw;Path=/;Domain=.salesforce.com;Expires=Sat,
        01-Jul-2017 20:45:36 GMT
      Expires:
      - Thu, 01 Jan 1970 00:00:00 GMT
      Content-Type:
      - application/json
      Transfer-Encoding:
      - chunked
    body:
      encoding: ASCII-8BIT
      string: '{"apexProcessingTime":0,"apiActiveProcessingTime":60,"apiVersion":39.0,"assignmentRuleId":null,"concurrencyMode":"Parallel","contentType":"JSON","createdById":"00536000001qtbXAAQ","createdDate":"2017-05-02T20:45:28.000+0000","externalIdFieldName":null,"fastPathEnabled":false,"id":"7503600000BfwBhAAJ","numberBatchesCompleted":1,"numberBatchesFailed":0,"numberBatchesInProgress":0,"numberBatchesQueued":0,"numberBatchesTotal":1,"numberRecordsFailed":0,"numberRecordsProcessed":1,"numberRetries":0,"object":"Account","operation":"update","state":"Closed","systemModstamp":"2017-05-02T20:45:30.000+0000","totalProcessingTime":171}'
    http_version: 
  recorded_at: Tue, 02 May 2017 20:45:36 GMT
- request:
    method: post
    uri: https://login.salesforce.com/services/oauth2/token
    body:
      encoding: US-ASCII
      string: grant_type=password&client_id={SALESFORCE_OAUTH_CONSUMER_KEY}&client_secret={SALESFORCE_OAUTH_CONSUMER_SECRET}&username=%7BSALESFORCE_USERNAME%7D&password=%7BSALESFORCE_PASSWORD%7D{SALESFORCE_SECURITY_TOKEN}
    headers:
      User-Agent:
      - Faraday v0.12.1
      Content-Type:
      - application/x-www-form-urlencoded
      Accept-Encoding:
      - gzip;q=1.0,deflate;q=0.6,identity;q=0.3
      Accept:
      - "*/*"
  response:
    status:
      code: 200
      message: OK
    headers:
      Date:
      - Tue, 02 May 2017 20:45:36 GMT
      Strict-Transport-Security:
      - max-age=31536000; includeSubDomains
      X-Content-Type-Options:
      - nosniff
      X-Xss-Protection:
      - 1; mode=block
      Content-Security-Policy:
      - referrer origin-when-cross-origin
      - reflected-xss block;report-uri /_/ContentDomainCSPNoAuth?type=xss
      Set-Cookie:
      - BrowserId=LNL8SbUSQyWleHZp89JGIA;Path=/;Domain=.salesforce.com;Expires=Sat,
        01-Jul-2017 20:45:36 GMT
      Expires:
      - Thu, 01 Jan 1970 00:00:00 GMT
      Pragma:
      - no-cache
      Cache-Control:
      - no-cache, no-store
      X-Readonlymode:
      - 'false'
      Content-Type:
      - application/json;charset=UTF-8
      Vary:
      - Accept-Encoding
      Transfer-Encoding:
      - chunked
    body:
      encoding: ASCII-8BIT
      string: '{"access_token":"{ACCESS_TOKEN}","instance_url":"https://instance.salesforce.com","id":"{ID_URL}","token_type":"Bearer","issued_at":"1493757936867","signature":"{SIGNATURE}"}'
    http_version: 
  recorded_at: Tue, 02 May 2017 20:45:36 GMT
- request:
    method: get
    uri: https://instance.salesforce.com/services/async/39.0/job/7503600000BfwBhAAJ/batch/7513600000CF5oxAAD/result
    body:
      encoding: US-ASCII
      string: ''
    headers:
      User-Agent:
      - Faraday v0.12.1
      Content-Type:
      - application/json
      X-Sfdc-Session:
      - "{SESSION_ID}"
      Authorization:
      - "{AUTHORIZATION}"
      Accept-Encoding:
      - gzip;q=1.0,deflate;q=0.6,identity;q=0.3
      Accept:
      - "*/*"
  response:
    status:
      code: 200
      message: OK
    headers:
      Date:
      - Tue, 02 May 2017 20:45:37 GMT
      X-Content-Type-Options:
      - nosniff
      X-Xss-Protection:
      - 1; mode=block
      Content-Security-Policy:
      - referrer origin-when-cross-origin
      - reflected-xss block;report-uri /_/ContentDomainCSPNoAuth?type=xss
      Set-Cookie:
      - BrowserId=Jp7H00VyTESlhoviEq7SXg;Path=/;Domain=.salesforce.com;Expires=Sat,
        01-Jul-2017 20:45:37 GMT
      Expires:
      - Thu, 01 Jan 1970 00:00:00 GMT
      Content-Type:
      - application/json
      Transfer-Encoding:
      - chunked
    body:
      encoding: ASCII-8BIT
      string: |-
        [ {
          "success" : true,
          "created" : false,
          "id" : "00136000014tyLaAAI",
          "errors" : [ ]
        } ]
    http_version: 
  recorded_at: Tue, 02 May 2017 20:45:37 GMT
recorded_with: VCR 3.0.3
